error: Unsupported struct attribute format
 --> tests/ui/error-unsupported-struct-attr-format-1.rs:4:1
  |
4 | #[frompyo3(name)]
  | ^^^^^^^^^^^^^^^^^
