error: Multiple attributes not supported
 --> tests/ui/error-multiple-struct-attrs.rs:5:1
  |
5 | #[frompyo3(name = "bar")]
  | ^^^^^^^^^^^^^^^^^^^^^^^^^
