error: Enums are not supported
 --> tests/ui/error-unsupported-enum.rs:4:1
  |
4 | enum TestUnsupportedEnum {}
  | ^^^^^^^^^^^^^^^^^^^^^^^^^^^
